{"timestamp":"2026-05-19T16:35:46.547Z","tenant":"unknown","user":"anonymous","method":"GET","path":"/","status":404,"duration_ms":20}
{"timestamp":"2026-05-19T16:54:04.038Z","tenant":"unknown","user":"anonymous","method":"GET","path":"/","status":404,"duration_ms":18}
{"timestamp":"2026-05-19T17:26:22.241Z","tenant":"unknown","user":"anonymous","method":"GET","path":"/api/dashboard/metrics","status":404,"duration_ms":8}
{"timestamp":"2026-05-19T17:26:22.249Z","tenant":"unknown","user":"anonymous","method":"GET","path":"/api/problems","status":404,"duration_ms":1}
{"timestamp":"2026-05-19T17:26:22.254Z","tenant":"unknown","user":"anonymous","method":"GET","path":"/api/submissions","status":404,"duration_ms":1}
{"timestamp":"2026-05-19T17:26:22.251Z","tenant":"unknown","user":"anonymous","method":"GET","path":"/api/sessions","status":404,"duration_ms":1}
{"timestamp":"2026-05-19T17:26:22.257Z","tenant":"unknown","user":"anonymous","method":"GET","path":"/health","status":200,"duration_ms":3}
{"timestamp":"2026-05-19T17:26:22.270Z","tenant":"unknown","user":"anonymous","method":"GET","path":"/api/dashboard/metrics","status":404,"duration_ms":4}
{"timestamp":"2026-05-19T17:26:22.273Z","tenant":"unknown","user":"anonymous","method":"GET","path":"/api/problems","status":404,"duration_ms":2}
{"timestamp":"2026-05-19T17:26:22.277Z","tenant":"unknown","user":"anonymous","method":"GET","path":"/api/sessions","status":404,"duration_ms":1}
{"timestamp":"2026-05-19T17:26:22.284Z","tenant":"unknown","user":"anonymous","method":"GET","path":"/api/submissions","status":404,"duration_ms":3}
{"timestamp":"2026-05-19T17:26:22.288Z","tenant":"unknown","user":"anonymous","method":"GET","path":"/health","status":200,"duration_ms":1}
{"timestamp":"2026-05-19T17:26:25.431Z","tenant":"unknown","user":"anonymous","method":"GET","path":"/api/problems","status":404,"duration_ms":2}
{"timestamp":"2026-05-19T17:26:25.450Z","tenant":"unknown","user":"anonymous","method":"GET","path":"/api/problems","status":404,"duration_ms":3}
{"timestamp":"2026-05-19T17:26:29.199Z","tenant":"unknown","user":"anonymous","method":"GET","path":"/api/sessions","status":404,"duration_ms":1}
{"timestamp":"2026-05-19T17:26:29.204Z","tenant":"unknown","user":"anonymous","method":"GET","path":"/api/sessions","status":404,"duration_ms":0}
{"timestamp":"2026-05-19T17:27:29.507Z","tenant":"unknown","user":"anonymous","method":"GET","path":"/api/dashboard/metrics","status":404,"duration_ms":1}
{"timestamp":"2026-05-19T17:27:29.508Z","tenant":"unknown","user":"anonymous","method":"GET","path":"/api/problems","status":404,"duration_ms":1}
{"timestamp":"2026-05-19T17:27:29.522Z","tenant":"unknown","user":"anonymous","method":"GET","path":"/health","status":200,"duration_ms":4}
{"timestamp":"2026-05-19T17:27:29.514Z","tenant":"unknown","user":"anonymous","method":"GET","path":"/api/sessions","status":404,"duration_ms":2}
{"timestamp":"2026-05-19T17:27:29.518Z","tenant":"unknown","user":"anonymous","method":"GET","path":"/api/submissions","status":404,"duration_ms":4}
{"timestamp":"2026-05-19T17:27:29.558Z","tenant":"unknown","user":"anonymous","method":"GET","path":"/api/dashboard/metrics","status":404,"duration_ms":1}
{"timestamp":"2026-05-19T17:27:29.560Z","tenant":"unknown","user":"anonymous","method":"GET","path":"/api/problems","status":404,"duration_ms":1}
{"timestamp":"2026-05-19T17:27:29.564Z","tenant":"unknown","user":"anonymous","method":"GET","path":"/api/sessions","status":404,"duration_ms":0}
{"timestamp":"2026-05-19T17:27:29.577Z","tenant":"unknown","user":"anonymous","method":"GET","path":"/api/submissions","status":404,"duration_ms":2}
{"timestamp":"2026-05-19T17:27:29.579Z","tenant":"unknown","user":"anonymous","method":"GET","path":"/health","status":200,"duration_ms":1}
{"timestamp":"2026-05-19T17:27:35.214Z","tenant":"unknown","user":"anonymous","method":"GET","path":"/api/sessions","status":404,"duration_ms":3}
{"timestamp":"2026-05-19T17:27:35.222Z","tenant":"unknown","user":"anonymous","method":"GET","path":"/api/sessions","status":404,"duration_ms":1}
{"timestamp":"2026-05-19T17:27:40.771Z","tenant":"unknown","user":"anonymous","method":"GET","path":"/api/problems","status":404,"duration_ms":0}
{"timestamp":"2026-05-19T17:27:40.778Z","tenant":"unknown","user":"anonymous","method":"GET","path":"/api/problems","status":404,"duration_ms":1}
{"timestamp":"2026-05-19T17:27:42.171Z","tenant":"unknown","user":"anonymous","method":"GET","path":"/api/problems","status":404,"duration_ms":1}
{"timestamp":"2026-05-19T17:27:42.181Z","tenant":"unknown","user":"anonymous","method":"GET","path":"/api/problems","status":404,"duration_ms":1}
{"timestamp":"2026-05-19T17:27:50.956Z","tenant":"unknown","user":"anonymous","method":"GET","path":"/api/problems","status":404,"duration_ms":1}
{"timestamp":"2026-05-19T17:27:50.960Z","tenant":"unknown","user":"anonymous","method":"GET","path":"/api/problems","status":404,"duration_ms":0}
{"timestamp":"2026-05-19T17:27:54.214Z","tenant":"unknown","user":"anonymous","method":"GET","path":"/api/sessions","status":404,"duration_ms":1}
{"timestamp":"2026-05-19T17:27:54.221Z","tenant":"unknown","user":"anonymous","method":"GET","path":"/api/sessions","status":404,"duration_ms":1}
{"timestamp":"2026-05-19T17:27:57.106Z","tenant":"unknown","user":"anonymous","method":"GET","path":"/api/problems","status":404,"duration_ms":1}
{"timestamp":"2026-05-19T17:27:57.115Z","tenant":"unknown","user":"anonymous","method":"GET","path":"/api/problems","status":404,"duration_ms":0}
{"timestamp":"2026-05-19T17:28:00.472Z","tenant":"unknown","user":"anonymous","method":"GET","path":"/api/dashboard/metrics","status":404,"duration_ms":1}
{"timestamp":"2026-05-19T17:28:00.474Z","tenant":"unknown","user":"anonymous","method":"GET","path":"/api/problems","status":404,"duration_ms":1}
{"timestamp":"2026-05-19T17:28:00.480Z","tenant":"unknown","user":"anonymous","method":"GET","path":"/api/sessions","status":404,"duration_ms":2}
{"timestamp":"2026-05-19T17:28:00.481Z","tenant":"unknown","user":"anonymous","method":"GET","path":"/api/submissions","status":404,"duration_ms":0}
{"timestamp":"2026-05-19T17:28:00.487Z","tenant":"unknown","user":"anonymous","method":"GET","path":"/health","status":200,"duration_ms":1}
{"timestamp":"2026-05-19T17:28:00.498Z","tenant":"unknown","user":"anonymous","method":"GET","path":"/api/dashboard/metrics","status":404,"duration_ms":0}
{"timestamp":"2026-05-19T17:28:00.508Z","tenant":"unknown","user":"anonymous","method":"GET","path":"/api/problems","status":404,"duration_ms":0}
{"timestamp":"2026-05-19T17:28:00.511Z","tenant":"unknown","user":"anonymous","method":"GET","path":"/api/submissions","status":404,"duration_ms":0}
{"timestamp":"2026-05-19T17:28:00.510Z","tenant":"unknown","user":"anonymous","method":"GET","path":"/api/sessions","status":404,"duration_ms":1}
{"timestamp":"2026-05-19T17:28:00.513Z","tenant":"unknown","user":"anonymous","method":"GET","path":"/health","status":200,"duration_ms":1}
